{"level":"info","message":"Database connected","service":"user-service","timestamp":"2026-07-28T14:34:29.204Z"}
{"level":"info","message":"Database connected","service":"user-service","timestamp":"2026-07-28T14:34:35.783Z"}
{"level":"info","message":"Database connected","service":"user-service","timestamp":"2026-07-28T14:34:57.769Z"}
{"level":"info","message":"Database connected","service":"user-service","timestamp":"2026-07-28T14:35:19.343Z"}
{"level":"info","message":"Database connected","service":"user-service","timestamp":"2026-07-28T14:35:27.495Z"}
{"level":"info","message":"Database connected","service":"user-service","timestamp":"2026-07-28T14:36:12.835Z"}
{"level":"info","message":"Database connected","service":"user-service","timestamp":"2026-07-28T14:36:18.286Z"}
{"level":"info","message":"Database connected","service":"user-service","timestamp":"2026-07-28T14:36:26.381Z"}
{"level":"info","message":"Database connected","service":"user-service","timestamp":"2026-07-28T14:36:38.747Z"}
{"level":"info","message":"Database connected","service":"user-service","timestamp":"2026-07-28T14:36:52.894Z"}
{"level":"info","message":"Database connected","service":"user-service","timestamp":"2026-07-28T14:37:00.356Z"}
{"level":"info","message":"Database connected","service":"user-service","timestamp":"2026-07-28T14:38:13.846Z"}
{"level":"info","message":"Database connected","service":"user-service","timestamp":"2026-07-28T14:38:21.808Z"}
{"level":"info","message":"Database connected","service":"user-service","timestamp":"2026-07-28T14:38:25.333Z"}
{"level":"info","message":"Database connected","service":"user-service","timestamp":"2026-07-28T14:38:33.752Z"}
{"level":"info","message":"Database connected","service":"user-service","timestamp":"2026-07-28T14:38:59.864Z"}
{"level":"info","message":"Database connected","service":"user-service","timestamp":"2026-07-28T14:39:06.133Z"}
{"level":"info","message":"Database connected","service":"user-service","timestamp":"2026-07-28T14:41:55.613Z"}
{"level":"info","message":"Database connected","service":"user-service","timestamp":"2026-07-28T14:42:11.096Z"}
{"level":"info","message":"Database connected","service":"user-service","timestamp":"2026-07-28T14:45:10.788Z"}
{"level":"info","message":"Database connected","service":"user-service","timestamp":"2026-07-28T14:45:15.397Z"}
{"level":"info","message":"Database connected","service":"user-service","timestamp":"2026-07-28T14:45:18.076Z"}
{"level":"info","message":"Database connected","service":"user-service","timestamp":"2026-07-28T14:45:40.474Z"}
{"level":"info","message":"Database connected","service":"user-service","timestamp":"2026-07-28T14:45:45.566Z"}
{"level":"info","message":"Database connected","service":"user-service","timestamp":"2026-07-28T14:45:54.633Z"}
{"level":"info","message":"Database connected","service":"user-service","timestamp":"2026-07-28T14:45:56.482Z"}
{"level":"info","message":"Database connected","service":"user-service","timestamp":"2026-07-28T14:46:04.585Z"}
{"level":"info","message":"Database connected","service":"user-service","timestamp":"2026-07-28T14:46:19.862Z"}
{"level":"info","message":"Database connected","service":"user-service","timestamp":"2026-07-28T14:46:34.214Z"}
{"level":"info","message":"Database connected","service":"user-service","timestamp":"2026-07-28T14:46:40.438Z"}
{"level":"info","message":"Database connected","service":"user-service","timestamp":"2026-07-28T14:46:59.995Z"}
{"level":"info","message":"Database connected","service":"user-service","timestamp":"2026-07-28T14:47:05.764Z"}
{"level":"info","message":"Database connected","service":"user-service","timestamp":"2026-07-28T14:47:09.214Z"}
{"level":"info","message":"Database connected","service":"user-service","timestamp":"2026-07-28T14:47:14.030Z"}
{"level":"info","message":"Database connected","service":"user-service","timestamp":"2026-07-28T14:47:52.560Z"}
{"level":"info","message":"Database connected","service":"user-service","timestamp":"2026-07-28T14:48:02.734Z"}
{"level":"info","message":"Database connected","service":"user-service","timestamp":"2026-07-28T14:48:06.114Z"}
{"level":"info","message":"Database connected","service":"user-service","timestamp":"2026-07-28T14:48:34.933Z"}
{"level":"info","message":"Database connected","service":"user-service","timestamp":"2026-07-28T14:48:40.883Z"}
{"level":"info","message":"Database connected","service":"user-service","timestamp":"2026-07-28T14:48:46.919Z"}
{"level":"info","message":"Database connected","service":"user-service","timestamp":"2026-07-28T14:48:51.164Z"}
{"level":"info","message":"Database connected","service":"user-service","timestamp":"2026-07-28T14:49:01.721Z"}
{"level":"info","message":"Database connected","service":"user-service","timestamp":"2026-07-28T14:49:04.297Z"}
{"level":"info","message":"Database connected","service":"user-service","timestamp":"2026-07-28T14:50:18.188Z"}
{"level":"info","message":"Database connected","service":"user-service","timestamp":"2026-07-28T14:54:26.491Z"}
{"level":"info","message":"Database connected","service":"user-service","timestamp":"2026-07-28T14:56:25.186Z"}
{"level":"info","message":"Database connected","service":"user-service","timestamp":"2026-07-28T14:57:28.116Z"}
{"level":"info","message":"Database connected","service":"user-service","timestamp":"2026-07-28T14:58:05.104Z"}
{"level":"info","message":"Database connected","service":"user-service","timestamp":"2026-07-28T14:58:36.499Z"}
{"level":"info","message":"Database connected","service":"user-service","timestamp":"2026-07-28T14:58:53.016Z"}
{"level":"info","message":"Database connected","service":"user-service","timestamp":"2026-07-28T14:58:56.257Z"}
{"level":"info","message":"Database connected","service":"user-service","timestamp":"2026-07-28T14:58:59.469Z"}
{"level":"info","message":"Database connected","service":"user-service","timestamp":"2026-07-28T14:59:50.357Z"}
{"level":"info","message":"Database connected","service":"user-service","timestamp":"2026-07-28T14:59:54.077Z"}
{"level":"info","message":"Database connected","service":"user-service","timestamp":"2026-07-28T15:00:01.511Z"}
{"level":"info","message":"Database connected","service":"user-service","timestamp":"2026-07-28T15:00:41.470Z"}
{"level":"info","message":"Database connected","service":"user-service","timestamp":"2026-07-28T16:02:29.487Z"}
{"level":"info","message":"Database connected","service":"user-service","timestamp":"2026-07-28T16:05:52.919Z"}
{"level":"info","message":"Database connected","service":"user-service","timestamp":"2026-07-28T16:06:15.770Z"}
{"level":"info","message":"Database connected","service":"user-service","timestamp":"2026-07-28T16:06:20.613Z"}
{"level":"info","message":"Database connected","service":"user-service","timestamp":"2026-07-28T16:06:30.841Z"}
{"level":"info","message":"Database connected","service":"user-service","timestamp":"2026-07-28T16:06:51.556Z"}
{"level":"info","message":"Database connected","service":"user-service","timestamp":"2026-07-28T16:07:09.710Z"}
{"level":"info","message":"Database connected","service":"user-service","timestamp":"2026-07-28T16:07:25.501Z"}
{"level":"info","message":"Database connected","service":"user-service","timestamp":"2026-07-28T16:07:35.747Z"}
{"level":"info","message":"Database connected","service":"user-service","timestamp":"2026-07-28T16:07:49.520Z"}
{"level":"info","message":"Database connected","service":"user-service","timestamp":"2026-07-28T16:08:03.173Z"}
{"level":"info","message":"Database connected","service":"user-service","timestamp":"2026-07-28T16:08:08.039Z"}
{"level":"info","message":"Database connected","service":"user-service","timestamp":"2026-07-28T16:08:21.656Z"}
{"level":"info","message":"Database connected","service":"user-service","timestamp":"2026-07-28T16:10:49.294Z"}
{"level":"info","message":"Database connected","service":"user-service","timestamp":"2026-07-28T16:11:10.407Z"}
{"level":"info","message":"Database connected","service":"user-service","timestamp":"2026-07-28T16:11:33.276Z"}
{"level":"info","message":"Database connected","service":"user-service","timestamp":"2026-07-28T16:12:19.655Z"}
{"level":"info","message":"Database connected","service":"user-service","timestamp":"2026-07-28T16:12:25.642Z"}
{"level":"info","message":"Database connected","service":"user-service","timestamp":"2026-07-28T16:12:44.283Z"}
{"level":"info","message":"Database connected","service":"user-service","timestamp":"2026-07-28T16:13:39.894Z"}
{"level":"info","message":"Database connected","service":"user-service","timestamp":"2026-07-28T16:13:46.902Z"}
{"level":"info","message":"Database connected","service":"user-service","timestamp":"2026-07-28T16:14:09.417Z"}
{"level":"info","message":"Database connected","service":"user-service","timestamp":"2026-07-28T16:14:16.068Z"}
{"level":"info","message":"Database connected","service":"user-service","timestamp":"2026-07-28T16:14:22.097Z"}
{"level":"info","message":"Database connected","service":"user-service","timestamp":"2026-07-28T16:14:35.225Z"}
{"level":"info","message":"Database connected","service":"user-service","timestamp":"2026-07-28T16:14:51.739Z"}
{"level":"info","message":"Database connected","service":"user-service","timestamp":"2026-07-28T16:15:01.983Z"}
{"level":"info","message":"Database connected","service":"user-service","timestamp":"2026-07-28T16:15:05.817Z"}
{"level":"info","message":"Database connected","service":"user-service","timestamp":"2026-07-28T16:15:14.228Z"}
{"level":"info","message":"Database connected","service":"user-service","timestamp":"2026-07-28T16:15:27.117Z"}
{"level":"info","message":"Database connected","service":"user-service","timestamp":"2026-07-28T16:16:29.966Z"}
{"level":"info","message":"Database connected","service":"user-service","timestamp":"2026-07-28T16:17:23.546Z"}
{"level":"info","message":"Database connected","service":"user-service","timestamp":"2026-07-28T16:17:54.394Z"}
{"level":"info","message":"Database connected","service":"user-service","timestamp":"2026-07-28T16:18:10.861Z"}
{"level":"info","message":"Database connected","service":"user-service","timestamp":"2026-07-28T16:18:50.199Z"}
{"level":"info","message":"Database connected","service":"user-service","timestamp":"2026-07-28T16:19:55.215Z"}
{"level":"info","message":"Database connected","service":"user-service","timestamp":"2026-07-28T16:20:19.112Z"}
{"level":"info","message":"Database connected","service":"user-service","timestamp":"2026-07-28T16:20:57.868Z"}
{"level":"info","message":"Database connected","service":"user-service","timestamp":"2026-07-28T16:21:40.062Z"}
{"level":"info","message":"Database connected","service":"user-service","timestamp":"2026-07-28T16:22:13.376Z"}
{"level":"info","message":"Database connected","service":"user-service","timestamp":"2026-07-28T16:22:21.173Z"}
{"level":"info","message":"Database connected","service":"user-service","timestamp":"2026-07-28T16:22:34.714Z"}
{"level":"info","message":"Database connected","service":"user-service","timestamp":"2026-07-28T16:27:46.735Z"}
{"level":"info","message":"Database connected","service":"user-service","timestamp":"2026-07-28T16:31:54.941Z"}
{"level":"info","message":"Database connected","service":"user-service","timestamp":"2026-07-28T16:43:31.988Z"}
{"0":"A","1":"c","10":"g","11":" ","12":"v","13":"a","14":"l","15":"i","16":"d","17":"a","18":"t","19":"i","2":"t","20":"o","21":"n","22":" ","23":"f","24":"a","25":"i","26":"l","27":"e","28":"d","29":":","3":"i","30":" ","31":"a","32":"c","33":"t","34":"o","35":"r","36":"I","37":"d","38":":","39":" ","4":"v","40":"P","41":"a","42":"t","43":"h","44":" ","45":"`","46":"a","47":"c","48":"t","49":"o","5":"i","50":"r","51":"I","52":"d","53":"`","54":" ","55":"i","56":"s","57":" ","58":"r","59":"e","6":"t","60":"q","61":"u","62":"i","63":"r","64":"e","65":"d","66":".","7":"y","8":"L","9":"o","level":"error","message":"Activity Log Error:","service":"user-service","timestamp":"2026-07-28T16:44:00.814Z"}
{"level":"info","message":"Admin Login : admin@gmail.com","service":"user-service","timestamp":"2026-07-28T16:44:00.816Z"}
{"level":"warn","message":"Login failed. User not found: sample@yopmail.com","service":"user-service","timestamp":"2026-07-28T16:45:18.681Z"}
{"level":"info","message":"Database connected","service":"user-service","timestamp":"2026-07-28T16:54:56.863Z"}
{"level":"info","message":"Database connected","service":"user-service","timestamp":"2026-07-28T16:55:46.114Z"}
{"level":"info","message":"Database connected","service":"user-service","timestamp":"2026-07-28T16:55:55.393Z"}
{"level":"info","message":"Database connected","service":"user-service","timestamp":"2026-07-28T16:56:14.806Z"}
{"level":"info","message":"Database connected","service":"user-service","timestamp":"2026-07-28T16:56:18.977Z"}
{"level":"info","message":"Database connected","service":"user-service","timestamp":"2026-07-28T16:56:22.348Z"}
{"level":"info","message":"Database connected","service":"user-service","timestamp":"2026-07-28T16:56:30.161Z"}
{"0":"A","1":"c","10":"g","11":" ","12":"v","13":"a","14":"l","15":"i","16":"d","17":"a","18":"t","19":"i","2":"t","20":"o","21":"n","22":" ","23":"f","24":"a","25":"i","26":"l","27":"e","28":"d","29":":","3":"i","30":" ","31":"a","32":"c","33":"t","34":"o","35":"r","36":"I","37":"d","38":":","39":" ","4":"v","40":"P","41":"a","42":"t","43":"h","44":" ","45":"`","46":"a","47":"c","48":"t","49":"o","5":"i","50":"r","51":"I","52":"d","53":"`","54":" ","55":"i","56":"s","57":" ","58":"r","59":"e","6":"t","60":"q","61":"u","62":"i","63":"r","64":"e","65":"d","66":".","7":"y","8":"L","9":"o","level":"error","message":"Activity Log Error:","service":"user-service","timestamp":"2026-07-28T16:58:15.659Z"}
{"level":"info","message":"Admin Login : admin@gmail.com","service":"user-service","timestamp":"2026-07-28T16:58:15.662Z"}
{"level":"info","message":"Database connected","service":"user-service","timestamp":"2026-07-28T17:01:51.233Z"}
{"level":"info","message":"Database connected","service":"user-service","timestamp":"2026-07-28T17:01:59.901Z"}
{"level":"info","message":"Admin Login : admin@gmail.com","service":"user-service","timestamp":"2026-07-28T17:02:18.468Z"}
{"level":"info","message":"Database connected","service":"user-service","timestamp":"2026-07-28T17:07:32.520Z"}
{"level":"info","message":"Database connected","service":"user-service","timestamp":"2026-07-28T17:07:38.799Z"}
{"level":"info","message":"Database connected","service":"user-service","timestamp":"2026-07-28T17:08:00.093Z"}
{"level":"info","message":"Database connected","service":"user-service","timestamp":"2026-07-28T17:11:20.253Z"}
{"level":"info","message":"Database connected","service":"user-service","timestamp":"2026-07-28T17:11:28.888Z"}
{"level":"info","message":"Database connected","service":"user-service","timestamp":"2026-07-28T17:11:36.731Z"}
{"level":"info","message":"Database connected","service":"user-service","timestamp":"2026-07-28T17:12:22.255Z"}
{"level":"info","message":"Database connected","service":"user-service","timestamp":"2026-07-28T17:12:34.258Z"}
{"level":"info","message":"Database connected","service":"user-service","timestamp":"2026-07-28T17:12:47.632Z"}
{"level":"info","message":"Database connected","service":"user-service","timestamp":"2026-07-28T17:13:31.278Z"}
{"level":"info","message":"Database connected","service":"user-service","timestamp":"2026-07-28T17:14:10.796Z"}
{"level":"info","message":"Database connected","service":"user-service","timestamp":"2026-07-28T17:18:18.177Z"}
{"level":"info","message":"Database connected","service":"user-service","timestamp":"2026-07-28T17:18:37.361Z"}
{"level":"info","message":"Database connected","service":"user-service","timestamp":"2026-07-28T17:19:18.948Z"}
{"level":"info","message":"Database connected","service":"user-service","timestamp":"2026-07-28T17:19:35.169Z"}
{"level":"info","message":"Database connected","service":"user-service","timestamp":"2026-07-28T17:19:46.204Z"}
{"level":"info","message":"Database connected","service":"user-service","timestamp":"2026-07-28T18:12:18.148Z"}
{"level":"info","message":"Database connected","service":"user-service","timestamp":"2026-07-28T18:21:26.160Z"}
{"level":"info","message":"Database connected","service":"user-service","timestamp":"2026-07-28T18:21:45.379Z"}
{"level":"info","message":"Database connected","service":"user-service","timestamp":"2026-07-28T18:21:59.474Z"}
{"level":"info","message":"Database connected","service":"user-service","timestamp":"2026-07-28T18:31:44.904Z"}
{"level":"info","message":"Database connected","service":"user-service","timestamp":"2026-07-28T18:36:45.797Z"}
{"level":"info","message":"Database connected","service":"user-service","timestamp":"2026-07-28T18:37:40.232Z"}
{"level":"info","message":"Database connected","service":"user-service","timestamp":"2026-07-28T18:38:11.718Z"}
{"level":"info","message":"Database connected","service":"user-service","timestamp":"2026-07-28T18:42:02.209Z"}
{"level":"info","message":"Database connected","service":"user-service","timestamp":"2026-07-28T18:43:22.724Z"}
{"level":"info","message":"Database connected","service":"user-service","timestamp":"2026-07-28T18:46:43.181Z"}
{"level":"info","message":"Database connected","service":"user-service","timestamp":"2026-07-28T18:46:54.552Z"}
{"level":"info","message":"Database connected","service":"user-service","timestamp":"2026-07-28T18:46:57.507Z"}
{"level":"info","message":"Database connected","service":"user-service","timestamp":"2026-07-28T18:47:15.385Z"}
{"level":"info","message":"Database connected","service":"user-service","timestamp":"2026-07-28T18:47:24.099Z"}
{"level":"info","message":"Database connected","service":"user-service","timestamp":"2026-07-28T18:47:43.779Z"}
{"level":"info","message":"Database connected","service":"user-service","timestamp":"2026-07-28T18:48:21.007Z"}
{"level":"info","message":"Database connected","service":"user-service","timestamp":"2026-07-28T18:48:25.837Z"}
{"level":"info","message":"Database connected","service":"user-service","timestamp":"2026-07-28T18:48:48.769Z"}
{"level":"info","message":"Database connected","service":"user-service","timestamp":"2026-07-28T18:57:29.410Z"}
{"level":"info","message":"Database connected","service":"user-service","timestamp":"2026-07-28T19:00:09.588Z"}
{"level":"info","message":"Database connected","service":"user-service","timestamp":"2026-07-28T19:05:13.663Z"}
{"level":"info","message":"Database connected","service":"user-service","timestamp":"2026-07-28T19:05:51.045Z"}
{"level":"warn","message":"Invalid password for admin@gmail.com","service":"user-service","timestamp":"2026-07-28T19:45:50.945Z"}
{"level":"warn","message":"Login failed. User not found: adminmuuon@gmail.com","service":"user-service","timestamp":"2026-07-28T19:46:06.582Z"}
{"level":"warn","message":"Login failed. User not found: ajjdmin@gmail.com","service":"user-service","timestamp":"2026-07-28T19:46:28.675Z"}
{"level":"warn","message":"Login failed. User not found: admibdn@gmail.com","service":"user-service","timestamp":"2026-07-28T19:46:48.719Z"}
{"level":"info","message":"Admin Login : admin@gmail.com","service":"user-service","timestamp":"2026-07-28T19:46:50.767Z"}
{"level":"info","message":"Admin Login : admin@gmail.com","service":"user-service","timestamp":"2026-07-28T19:46:51.381Z"}
{"level":"warn","message":"Invalid password for admin@gmail.com","service":"user-service","timestamp":"2026-07-28T19:49:15.189Z"}
{"level":"warn","message":"Login failed. User not found: admkbjjlin@gmail.co","service":"user-service","timestamp":"2026-07-28T19:51:36.504Z"}
{"level":"warn","message":"Login failed. User not found: mngkn@gmail.com","service":"user-service","timestamp":"2026-07-28T19:52:51.832Z"}
{"level":"warn","message":"Login failed. User not found: ucgcgjmin@gmail.com","service":"user-service","timestamp":"2026-07-28T19:53:12.108Z"}
{"level":"info","message":"Database connected","service":"user-service","timestamp":"2026-07-28T19:54:14.405Z"}
{"level":"info","message":"Database connected","service":"user-service","timestamp":"2026-07-28T19:56:16.156Z"}
{"level":"info","message":"Database connected","service":"user-service","timestamp":"2026-07-28T19:56:32.202Z"}
{"level":"error","message":"Email sending failed : EmailVerification validation failed: userId: Path `userId` is required.","service":"user-service","timestamp":"2026-07-28T19:59:50.518Z"}
{"level":"error","message":"Registration Error : EmailVerification validation failed: userId: Path `userId` is required.","service":"user-service","timestamp":"2026-07-28T19:59:50.520Z"}
{"level":"info","message":"Database connected","service":"user-service","timestamp":"2026-07-28T20:03:26.391Z"}
{"level":"info","message":"Database connected","service":"user-service","timestamp":"2026-07-28T20:03:43.676Z"}
{"level":"info","message":"Verification email sent to neha@yopmail.com","service":"user-service","timestamp":"2026-07-28T20:07:01.302Z"}
{"level":"info","message":"Customer registered successfully: neha@yopmail.com","service":"user-service","timestamp":"2026-07-28T20:07:01.352Z"}
{"level":"error","message":"Verify Email View Error: mongoose is not defined","service":"user-service","timestamp":"2026-07-28T20:07:01.369Z"}
{"level":"info","message":"Database connected","service":"user-service","timestamp":"2026-07-28T20:08:39.175Z"}
{"level":"info","message":"Database connected","service":"user-service","timestamp":"2026-07-28T20:08:44.936Z"}
{"level":"info","message":"Verification email sent to neha@yopmail.com","service":"user-service","timestamp":"2026-07-28T20:09:40.787Z"}
{"level":"info","message":"Customer registered successfully: neha@yopmail.com","service":"user-service","timestamp":"2026-07-28T20:09:40.887Z"}
{"level":"info","message":"Email verified successfully: neha@yopmail.com","service":"user-service","timestamp":"2026-07-28T20:15:27.209Z"}
{"level":"info","message":"Customer Login : neha@yopmail.com","service":"user-service","timestamp":"2026-07-28T20:15:35.912Z"}
{"level":"info","message":"Database connected","service":"user-service","timestamp":"2026-07-28T20:20:14.771Z"}
